<table id="dataTable">
<thead>
  <tr id="tool" class="tool collapsable-header">
<td colspan="1">Tool</td>
<td colspan="4">CBMC </td>
</tr>
  <tr id="limits" class="limits collapsable-header">
<td colspan="1">Limits</td>
<td colspan="4">timelimit: 60 s, memlimit: 4000 MB, CPU core limit: 2</td>
</tr>
  <tr id="host" class="host collapsable-header">
<td colspan="1">Host</td>
<td colspan="4">tortuga</td>
</tr>
  <tr id="os" class="os collapsable-header">
<td colspan="1">OS</td>
<td colspan="4">Linux 3.13.0-71-generic x86_64</td>
</tr>
  <tr id="system" class="system collapsable-header">
<td colspan="1">System</td>
<td colspan="4">CPU: Intel Core i7-2600 CPU @ 3.40GHz, cores: 8, frequency: 3401 MHz, Turbo Boost: enabled; RAM: 16783 MB</td>
</tr>
  <tr id="date" class="date collapsable-header">
<td colspan="1">Date of execution</td>
<td colspan="4">2015-12-11 12:11:02 CET</td>
</tr>
  <tr id="run" class="run ">
<td colspan="1">Run set</td>
<td colspan="4">cbmc</td>
</tr>
  <tr id="columnTitles" class="columnTitles ">
<td colspan="1">https://sosy-lab.github.io/benchexec/example-table/test/programs/benchmarks/</td>
<td colspan="1">status</td>
<td colspan="1">cputime (s)</td>
<td colspan="1">walltime (s)</td>
<td colspan="1">memUsage</td>
</tr>
</thead>

<tbody>
<tr><td title="Click here to show source code"><a href="https://sosy-lab.github.io/benchexec/example-table/test/programs/benchmarks/ntdrivers/cdaudio_false-unreach-call.i.cil.c">ntdrivers/cdaudio_false-unreach-call.i.cil.c</a></td>
<td class="error main_status link" title="Click here to show output of tool"><a href="https://sosy-lab.github.io/benchexec/example-table/cbmc.2015-12-11_1211.logfiles/cdaudio_false-unreach-call.i.cil.c.log">timeout</a></td>
<td class="error measure">60.1&#x2007;</td>
<td class="error measure">60.1&#x2007;</td>
<td class="error count">986857472</td>
</tr>
<tr><td title="Click here to show source code"><a href="https://sosy-lab.github.io/benchexec/example-table/test/programs/benchmarks/ntdrivers/diskperf_false-unreach-call.i.cil.c">ntdrivers/diskperf_false-unreach-call.i.cil.c</a></td>
<td class="correct main_status link" title="Click here to show output of tool"><a href="https://sosy-lab.github.io/benchexec/example-table/cbmc.2015-12-11_1211.logfiles/diskperf_false-unreach-call.i.cil.c.log">false(reach)</a></td>
<td class="correct measure">1.24</td>
<td class="correct measure">1.26</td>
<td class="correct count">104386560</td>
</tr>
<tr><td title="Click here to show source code"><a href="https://sosy-lab.github.io/benchexec/example-table/test/programs/benchmarks/ntdrivers/floppy_false-unreach-call.i.cil.c">ntdrivers/floppy_false-unreach-call.i.cil.c</a></td>
<td class="correct main_status link" title="Click here to show output of tool"><a href="https://sosy-lab.github.io/benchexec/example-table/cbmc.2015-12-11_1211.logfiles/floppy_false-unreach-call.i.cil.c.log">false(reach)</a></td>
<td class="correct measure">3.10</td>
<td class="correct measure">3.11</td>
<td class="correct count">139542528</td>
</tr>
<tr><td title="Click here to show source code"><a href="https://sosy-lab.github.io/benchexec/example-table/test/programs/benchmarks/ntdrivers/kbfiltr_false-unreach-call.i.cil.c">ntdrivers/kbfiltr_false-unreach-call.i.cil.c</a></td>
<td class="error main_status link" title="Click here to show output of tool"><a href="https://sosy-lab.github.io/benchexec/example-table/cbmc.2015-12-11_1211.logfiles/kbfiltr_false-unreach-call.i.cil.c.log">timeout</a></td>
<td class="error measure">60.1&#x2007;</td>
<td class="error measure">60.1&#x2007;</td>
<td class="error count">573120512</td>
</tr>
<tr><td title="Click here to show source code"><a href="https://sosy-lab.github.io/benchexec/example-table/test/programs/benchmarks/ntdrivers/parport_false-unreach-call.i.cil.c">ntdrivers/parport_false-unreach-call.i.cil.c</a></td>
<td class="correct main_status link" title="Click here to show output of tool"><a href="https://sosy-lab.github.io/benchexec/example-table/cbmc.2015-12-11_1211.logfiles/parport_false-unreach-call.i.cil.c.log">false(reach)</a></td>
<td class="correct measure">13.0&#x2007;</td>
<td class="correct measure">13.3&#x2007;</td>
<td class="correct count">676438016</td>
</tr>
<tr><td title="Click here to show source code"><a href="https://sosy-lab.github.io/benchexec/example-table/test/programs/benchmarks/ntdrivers/cdaudio_true-unreach-call.i.cil.c">ntdrivers/cdaudio_true-unreach-call.i.cil.c</a></td>
<td class="error main_status link" title="Click here to show output of tool"><a href="https://sosy-lab.github.io/benchexec/example-table/cbmc.2015-12-11_1211.logfiles/cdaudio_true-unreach-call.i.cil.c.log">timeout</a></td>
<td class="error measure">60.1&#x2007;</td>
<td class="error measure">60.4&#x2007;</td>
<td class="error count">992849920</td>
</tr>
<tr><td title="Click here to show source code"><a href="https://sosy-lab.github.io/benchexec/example-table/test/programs/benchmarks/ntdrivers/diskperf_true-unreach-call.i.cil.c">ntdrivers/diskperf_true-unreach-call.i.cil.c</a></td>
<td class="error main_status link" title="Click here to show output of tool"><a href="https://sosy-lab.github.io/benchexec/example-table/cbmc.2015-12-11_1211.logfiles/diskperf_true-unreach-call.i.cil.c.log">timeout</a></td>
<td class="error measure">60.2&#x2007;</td>
<td class="error measure">60.1&#x2007;</td>
<td class="error count">3500752896</td>
</tr>
<tr><td title="Click here to show source code"><a href="https://sosy-lab.github.io/benchexec/example-table/test/programs/benchmarks/ntdrivers/floppy2_true-unreach-call.i.cil.c">ntdrivers/floppy2_true-unreach-call.i.cil.c</a></td>
<td class="error main_status link" title="Click here to show output of tool"><a href="https://sosy-lab.github.io/benchexec/example-table/cbmc.2015-12-11_1211.logfiles/floppy2_true-unreach-call.i.cil.c.log">timeout</a></td>
<td class="error measure">60.1&#x2007;</td>
<td class="error measure">60.0&#x2007;</td>
<td class="error count">989302784</td>
</tr>
<tr><td title="Click here to show source code"><a href="https://sosy-lab.github.io/benchexec/example-table/test/programs/benchmarks/ntdrivers/floppy_true-unreach-call.i.cil.c">ntdrivers/floppy_true-unreach-call.i.cil.c</a></td>
<td class="error main_status link" title="Click here to show output of tool"><a href="https://sosy-lab.github.io/benchexec/example-table/cbmc.2015-12-11_1211.logfiles/floppy_true-unreach-call.i.cil.c.log">timeout</a></td>
<td class="error measure">60.0&#x2007;</td>
<td class="error measure">60.4&#x2007;</td>
<td class="error count">390643712</td>
</tr>
<tr><td title="Click here to show source code"><a href="https://sosy-lab.github.io/benchexec/example-table/test/programs/benchmarks/ntdrivers/parport_true-unreach-call.i.cil.c">ntdrivers/parport_true-unreach-call.i.cil.c</a></td>
<td class="error main_status link" title="Click here to show output of tool"><a href="https://sosy-lab.github.io/benchexec/example-table/cbmc.2015-12-11_1211.logfiles/parport_true-unreach-call.i.cil.c.log">timeout</a></td>
<td class="error measure">61.1&#x2007;</td>
<td class="error measure">61.7&#x2007;</td>
<td class="error count">2175901696</td>
</tr>
<tr><td title="Click here to show source code"><a href="https://sosy-lab.github.io/benchexec/example-table/test/programs/benchmarks/ssh/s3_clnt.blast.01_false-unreach-call.i.cil.c">ssh/s3_clnt.blast.01_false-unreach-call.i.cil.c</a></td>
<td class="correct main_status link" title="Click here to show output of tool"><a href="https://sosy-lab.github.io/benchexec/example-table/cbmc.2015-12-11_1211.logfiles/s3_clnt.blast.01_false-unreach-call.i.cil.c.log">false(reach)</a></td>
<td class="correct measure">11.6&#x2007;</td>
<td class="correct measure">12.0&#x2007;</td>
<td class="correct count">411250688</td>
</tr>
<tr><td title="Click here to show source code"><a href="https://sosy-lab.github.io/benchexec/example-table/test/programs/benchmarks/ssh/s3_clnt.blast.02_false-unreach-call.i.cil.c">ssh/s3_clnt.blast.02_false-unreach-call.i.cil.c</a></td>
<td class="correct main_status link" title="Click here to show output of tool"><a href="https://sosy-lab.github.io/benchexec/example-table/cbmc.2015-12-11_1211.logfiles/s3_clnt.blast.02_false-unreach-call.i.cil.c.log">false(reach)</a></td>
<td class="correct measure">3.79</td>
<td class="correct measure">4.15</td>
<td class="correct count">181800960</td>
</tr>
<tr><td title="Click here to show source code"><a href="https://sosy-lab.github.io/benchexec/example-table/test/programs/benchmarks/ssh/s3_clnt.blast.03_false-unreach-call.i.cil.c">ssh/s3_clnt.blast.03_false-unreach-call.i.cil.c</a></td>
<td class="correct main_status link" title="Click here to show output of tool"><a href="https://sosy-lab.github.io/benchexec/example-table/cbmc.2015-12-11_1211.logfiles/s3_clnt.blast.03_false-unreach-call.i.cil.c.log">false(reach)</a></td>
<td class="correct measure">3.78</td>
<td class="correct measure">3.82</td>
<td class="correct count">181514240</td>
</tr>
<tr><td title="Click here to show source code"><a href="https://sosy-lab.github.io/benchexec/example-table/test/programs/benchmarks/ssh/s3_clnt.blast.04_false-unreach-call.i.cil.c">ssh/s3_clnt.blast.04_false-unreach-call.i.cil.c</a></td>
<td class="correct main_status link" title="Click here to show output of tool"><a href="https://sosy-lab.github.io/benchexec/example-table/cbmc.2015-12-11_1211.logfiles/s3_clnt.blast.04_false-unreach-call.i.cil.c.log">false(reach)</a></td>
<td class="correct measure">3.77</td>
<td class="correct measure">3.79</td>
<td class="correct count">180371456</td>
</tr>
<tr><td title="Click here to show source code"><a href="https://sosy-lab.github.io/benchexec/example-table/test/programs/benchmarks/ssh/s3_srvr.blast.01_false-unreach-call.i.cil.c">ssh/s3_srvr.blast.01_false-unreach-call.i.cil.c</a></td>
<td class="correct main_status link" title="Click here to show output of tool"><a href="https://sosy-lab.github.io/benchexec/example-table/cbmc.2015-12-11_1211.logfiles/s3_srvr.blast.01_false-unreach-call.i.cil.c.log">false(reach)</a></td>
<td class="correct measure">4.91</td>
<td class="correct measure">4.94</td>
<td class="correct count">242040832</td>
</tr>
<tr><td title="Click here to show source code"><a href="https://sosy-lab.github.io/benchexec/example-table/test/programs/benchmarks/ssh/s3_srvr.blast.02_false-unreach-call.i.cil.c">ssh/s3_srvr.blast.02_false-unreach-call.i.cil.c</a></td>
<td class="correct main_status link" title="Click here to show output of tool"><a href="https://sosy-lab.github.io/benchexec/example-table/cbmc.2015-12-11_1211.logfiles/s3_srvr.blast.02_false-unreach-call.i.cil.c.log">false(reach)</a></td>
<td class="correct measure">4.87</td>
<td class="correct measure">4.90</td>
<td class="correct count">228581376</td>
</tr>
<tr><td title="Click here to show source code"><a href="https://sosy-lab.github.io/benchexec/example-table/test/programs/benchmarks/ssh/s3_srvr.blast.03_false-unreach-call.i.cil.c">ssh/s3_srvr.blast.03_false-unreach-call.i.cil.c</a></td>
<td class="correct main_status link" title="Click here to show output of tool"><a href="https://sosy-lab.github.io/benchexec/example-table/cbmc.2015-12-11_1211.logfiles/s3_srvr.blast.03_false-unreach-call.i.cil.c.log">false(reach)</a></td>
<td class="correct measure">4.89</td>
<td class="correct measure">4.90</td>
<td class="correct count">228601856</td>
</tr>
<tr><td title="Click here to show source code"><a href="https://sosy-lab.github.io/benchexec/example-table/test/programs/benchmarks/ssh/s3_srvr.blast.04_false-unreach-call.i.cil.c">ssh/s3_srvr.blast.04_false-unreach-call.i.cil.c</a></td>
<td class="correct main_status link" title="Click here to show output of tool"><a href="https://sosy-lab.github.io/benchexec/example-table/cbmc.2015-12-11_1211.logfiles/s3_srvr.blast.04_false-unreach-call.i.cil.c.log">false(reach)</a></td>
<td class="correct measure">4.91</td>
<td class="correct measure">4.96</td>
<td class="correct count">227807232</td>
</tr>
<tr><td title="Click here to show source code"><a href="https://sosy-lab.github.io/benchexec/example-table/test/programs/benchmarks/ssh/s3_srvr.blast.06_false-unreach-call.i.cil.c">ssh/s3_srvr.blast.06_false-unreach-call.i.cil.c</a></td>
<td class="correct main_status link" title="Click here to show output of tool"><a href="https://sosy-lab.github.io/benchexec/example-table/cbmc.2015-12-11_1211.logfiles/s3_srvr.blast.06_false-unreach-call.i.cil.c.log">false(reach)</a></td>
<td class="correct measure">5.25</td>
<td class="correct measure">5.27</td>
<td class="correct count">230891520</td>
</tr>
<tr><td title="Click here to show source code"><a href="https://sosy-lab.github.io/benchexec/example-table/test/programs/benchmarks/ssh/s3_srvr.blast.07_false-unreach-call.i.cil.c">ssh/s3_srvr.blast.07_false-unreach-call.i.cil.c</a></td>
<td class="correct main_status link" title="Click here to show output of tool"><a href="https://sosy-lab.github.io/benchexec/example-table/cbmc.2015-12-11_1211.logfiles/s3_srvr.blast.07_false-unreach-call.i.cil.c.log">false(reach)</a></td>
<td class="correct measure">5.11</td>
<td class="correct measure">5.14</td>
<td class="correct count">233541632</td>
</tr>
<tr><td title="Click here to show source code"><a href="https://sosy-lab.github.io/benchexec/example-table/test/programs/benchmarks/ssh/s3_srvr.blast.08_false-unreach-call.i.cil.c">ssh/s3_srvr.blast.08_false-unreach-call.i.cil.c</a></td>
<td class="correct main_status link" title="Click here to show output of tool"><a href="https://sosy-lab.github.io/benchexec/example-table/cbmc.2015-12-11_1211.logfiles/s3_srvr.blast.08_false-unreach-call.i.cil.c.log">false(reach)</a></td>
<td class="correct measure">15.4&#x2007;</td>
<td class="correct measure">15.4&#x2007;</td>
<td class="correct count">461254656</td>
</tr>
<tr><td title="Click here to show source code"><a href="https://sosy-lab.github.io/benchexec/example-table/test/programs/benchmarks/ssh/s3_srvr.blast.09_false-unreach-call.i.cil.c">ssh/s3_srvr.blast.09_false-unreach-call.i.cil.c</a></td>
<td class="correct main_status link" title="Click here to show output of tool"><a href="https://sosy-lab.github.io/benchexec/example-table/cbmc.2015-12-11_1211.logfiles/s3_srvr.blast.09_false-unreach-call.i.cil.c.log">false(reach)</a></td>
<td class="correct measure">5.14</td>
<td class="correct measure">5.17</td>
<td class="correct count">233463808</td>
</tr>
<tr><td title="Click here to show source code"><a href="https://sosy-lab.github.io/benchexec/example-table/test/programs/benchmarks/ssh/s3_srvr.blast.10_false-unreach-call.i.cil.c">ssh/s3_srvr.blast.10_false-unreach-call.i.cil.c</a></td>
<td class="correct main_status link" title="Click here to show output of tool"><a href="https://sosy-lab.github.io/benchexec/example-table/cbmc.2015-12-11_1211.logfiles/s3_srvr.blast.10_false-unreach-call.i.cil.c.log">false(reach)</a></td>
<td class="correct measure">14.9&#x2007;</td>
<td class="correct measure">15.0&#x2007;</td>
<td class="correct count">459161600</td>
</tr>
<tr><td title="Click here to show source code"><a href="https://sosy-lab.github.io/benchexec/example-table/test/programs/benchmarks/ssh/s3_srvr.blast.11_false-unreach-call.i.cil.c">ssh/s3_srvr.blast.11_false-unreach-call.i.cil.c</a></td>
<td class="correct main_status link" title="Click here to show output of tool"><a href="https://sosy-lab.github.io/benchexec/example-table/cbmc.2015-12-11_1211.logfiles/s3_srvr.blast.11_false-unreach-call.i.cil.c.log">false(reach)</a></td>
<td class="correct measure">5.24</td>
<td class="correct measure">5.26</td>
<td class="correct count">233922560</td>
</tr>
<tr><td title="Click here to show source code"><a href="https://sosy-lab.github.io/benchexec/example-table/test/programs/benchmarks/ssh/s3_srvr.blast.12_false-unreach-call.i.cil.c">ssh/s3_srvr.blast.12_false-unreach-call.i.cil.c</a></td>
<td class="correct main_status link" title="Click here to show output of tool"><a href="https://sosy-lab.github.io/benchexec/example-table/cbmc.2015-12-11_1211.logfiles/s3_srvr.blast.12_false-unreach-call.i.cil.c.log">false(reach)</a></td>
<td class="correct measure">4.96</td>
<td class="correct measure">4.99</td>
<td class="correct count">229355520</td>
</tr>
<tr><td title="Click here to show source code"><a href="https://sosy-lab.github.io/benchexec/example-table/test/programs/benchmarks/ssh/s3_srvr.blast.13_false-unreach-call.i.cil.c">ssh/s3_srvr.blast.13_false-unreach-call.i.cil.c</a></td>
<td class="correct main_status link" title="Click here to show output of tool"><a href="https://sosy-lab.github.io/benchexec/example-table/cbmc.2015-12-11_1211.logfiles/s3_srvr.blast.13_false-unreach-call.i.cil.c.log">false(reach)</a></td>
<td class="correct measure">5.25</td>
<td class="correct measure">5.28</td>
<td class="correct count">232308736</td>
</tr>
<tr><td title="Click here to show source code"><a href="https://sosy-lab.github.io/benchexec/example-table/test/programs/benchmarks/ssh/s3_srvr.blast.14_false-unreach-call.i.cil.c">ssh/s3_srvr.blast.14_false-unreach-call.i.cil.c</a></td>
<td class="correct main_status link" title="Click here to show output of tool"><a href="https://sosy-lab.github.io/benchexec/example-table/cbmc.2015-12-11_1211.logfiles/s3_srvr.blast.14_false-unreach-call.i.cil.c.log">false(reach)</a></td>
<td class="correct measure">4.98</td>
<td class="correct measure">5.02</td>
<td class="correct count">229531648</td>
</tr>
<tr><td title="Click here to show source code"><a href="https://sosy-lab.github.io/benchexec/example-table/test/programs/benchmarks/ssh/s3_srvr.blast.15_false-unreach-call.i.cil.c">ssh/s3_srvr.blast.15_false-unreach-call.i.cil.c</a></td>
<td class="correct main_status link" title="Click here to show output of tool"><a href="https://sosy-lab.github.io/benchexec/example-table/cbmc.2015-12-11_1211.logfiles/s3_srvr.blast.15_false-unreach-call.i.cil.c.log">false(reach)</a></td>
<td class="correct measure">15.5&#x2007;</td>
<td class="correct measure">15.5&#x2007;</td>
<td class="correct count">463335424</td>
</tr>
<tr><td title="Click here to show source code"><a href="https://sosy-lab.github.io/benchexec/example-table/test/programs/benchmarks/ssh/s3_srvr.blast.16_false-unreach-call.i.cil.c">ssh/s3_srvr.blast.16_false-unreach-call.i.cil.c</a></td>
<td class="correct main_status link" title="Click here to show output of tool"><a href="https://sosy-lab.github.io/benchexec/example-table/cbmc.2015-12-11_1211.logfiles/s3_srvr.blast.16_false-unreach-call.i.cil.c.log">false(reach)</a></td>
<td class="correct measure">5.22</td>
<td class="correct measure">5.26</td>
<td class="correct count">229433344</td>
</tr>
<tr><td title="Click here to show source code"><a href="https://sosy-lab.github.io/benchexec/example-table/test/programs/benchmarks/ssh/s3_clnt.blast.01_true-unreach-call.i.cil.c">ssh/s3_clnt.blast.01_true-unreach-call.i.cil.c</a></td>
<td class="error main_status link" title="Click here to show output of tool"><a href="https://sosy-lab.github.io/benchexec/example-table/cbmc.2015-12-11_1211.logfiles/s3_clnt.blast.01_true-unreach-call.i.cil.c.log">timeout</a></td>
<td class="error measure">60.1&#x2007;</td>
<td class="error measure">60.1&#x2007;</td>
<td class="error count">702951424</td>
</tr>
<tr><td title="Click here to show source code"><a href="https://sosy-lab.github.io/benchexec/example-table/test/programs/benchmarks/ssh/s3_clnt.blast.02_true-unreach-call.i.cil.c">ssh/s3_clnt.blast.02_true-unreach-call.i.cil.c</a></td>
<td class="error main_status link" title="Click here to show output of tool"><a href="https://sosy-lab.github.io/benchexec/example-table/cbmc.2015-12-11_1211.logfiles/s3_clnt.blast.02_true-unreach-call.i.cil.c.log">timeout</a></td>
<td class="error measure">60.0&#x2007;</td>
<td class="error measure">60.5&#x2007;</td>
<td class="error count">654196736</td>
</tr>
<tr><td title="Click here to show source code"><a href="https://sosy-lab.github.io/benchexec/example-table/test/programs/benchmarks/ssh/s3_clnt.blast.03_true-unreach-call.i.cil.c">ssh/s3_clnt.blast.03_true-unreach-call.i.cil.c</a></td>
<td class="error main_status link" title="Click here to show output of tool"><a href="https://sosy-lab.github.io/benchexec/example-table/cbmc.2015-12-11_1211.logfiles/s3_clnt.blast.03_true-unreach-call.i.cil.c.log">timeout</a></td>
<td class="error measure">60.1&#x2007;</td>
<td class="error measure">60.4&#x2007;</td>
<td class="error count">654397440</td>
</tr>
<tr><td title="Click here to show source code"><a href="https://sosy-lab.github.io/benchexec/example-table/test/programs/benchmarks/ssh/s3_clnt.blast.04_true-unreach-call.i.cil.c">ssh/s3_clnt.blast.04_true-unreach-call.i.cil.c</a></td>
<td class="error main_status link" title="Click here to show output of tool"><a href="https://sosy-lab.github.io/benchexec/example-table/cbmc.2015-12-11_1211.logfiles/s3_clnt.blast.04_true-unreach-call.i.cil.c.log">timeout</a></td>
<td class="error measure">60.0&#x2007;</td>
<td class="error measure">60.4&#x2007;</td>
<td class="error count">656076800</td>
</tr>
<tr><td title="Click here to show source code"><a href="https://sosy-lab.github.io/benchexec/example-table/test/programs/benchmarks/ssh/s3_srvr.blast.01_true-unreach-call.i.cil.c">ssh/s3_srvr.blast.01_true-unreach-call.i.cil.c</a></td>
<td class="error main_status link" title="Click here to show output of tool"><a href="https://sosy-lab.github.io/benchexec/example-table/cbmc.2015-12-11_1211.logfiles/s3_srvr.blast.01_true-unreach-call.i.cil.c.log">timeout</a></td>
<td class="error measure">60.0&#x2007;</td>
<td class="error measure">60.4&#x2007;</td>
<td class="error count">843345920</td>
</tr>
<tr><td title="Click here to show source code"><a href="https://sosy-lab.github.io/benchexec/example-table/test/programs/benchmarks/ssh/s3_srvr.blast.02_true-unreach-call.i.cil.c">ssh/s3_srvr.blast.02_true-unreach-call.i.cil.c</a></td>
<td class="error main_status link" title="Click here to show output of tool"><a href="https://sosy-lab.github.io/benchexec/example-table/cbmc.2015-12-11_1211.logfiles/s3_srvr.blast.02_true-unreach-call.i.cil.c.log">timeout</a></td>
<td class="error measure">60.0&#x2007;</td>
<td class="error measure">60.4&#x2007;</td>
<td class="error count">796418048</td>
</tr>
<tr><td title="Click here to show source code"><a href="https://sosy-lab.github.io/benchexec/example-table/test/programs/benchmarks/ssh/s3_srvr.blast.06_true-unreach-call.i.cil.c">ssh/s3_srvr.blast.06_true-unreach-call.i.cil.c</a></td>
<td class="error main_status link" title="Click here to show output of tool"><a href="https://sosy-lab.github.io/benchexec/example-table/cbmc.2015-12-11_1211.logfiles/s3_srvr.blast.06_true-unreach-call.i.cil.c.log">timeout</a></td>
<td class="error measure">60.1&#x2007;</td>
<td class="error measure">60.4&#x2007;</td>
<td class="error count">783564800</td>
</tr>
<tr><td title="Click here to show source code"><a href="https://sosy-lab.github.io/benchexec/example-table/test/programs/benchmarks/ssh/s3_srvr.blast.07_true-unreach-call.i.cil.c">ssh/s3_srvr.blast.07_true-unreach-call.i.cil.c</a></td>
<td class="error main_status link" title="Click here to show output of tool"><a href="https://sosy-lab.github.io/benchexec/example-table/cbmc.2015-12-11_1211.logfiles/s3_srvr.blast.07_true-unreach-call.i.cil.c.log">timeout</a></td>
<td class="error measure">60.0&#x2007;</td>
<td class="error measure">60.5&#x2007;</td>
<td class="error count">811438080</td>
</tr>
<tr><td title="Click here to show source code"><a href="https://sosy-lab.github.io/benchexec/example-table/test/programs/benchmarks/ssh/s3_srvr.blast.08_true-unreach-call.i.cil.c">ssh/s3_srvr.blast.08_true-unreach-call.i.cil.c</a></td>
<td class="error main_status link" title="Click here to show output of tool"><a href="https://sosy-lab.github.io/benchexec/example-table/cbmc.2015-12-11_1211.logfiles/s3_srvr.blast.08_true-unreach-call.i.cil.c.log">timeout</a></td>
<td class="error measure">60.1&#x2007;</td>
<td class="error measure">60.2&#x2007;</td>
<td class="error count">799137792</td>
</tr>
<tr><td title="Click here to show source code"><a href="https://sosy-lab.github.io/benchexec/example-table/test/programs/benchmarks/ssh/s3_srvr.blast.09_true-unreach-call.i.cil.c">ssh/s3_srvr.blast.09_true-unreach-call.i.cil.c</a></td>
<td class="error main_status link" title="Click here to show output of tool"><a href="https://sosy-lab.github.io/benchexec/example-table/cbmc.2015-12-11_1211.logfiles/s3_srvr.blast.09_true-unreach-call.i.cil.c.log">timeout</a></td>
<td class="error measure">60.0&#x2007;</td>
<td class="error measure">60.4&#x2007;</td>
<td class="error count">816816128</td>
</tr>
<tr><td title="Click here to show source code"><a href="https://sosy-lab.github.io/benchexec/example-table/test/programs/benchmarks/ssh/s3_srvr.blast.10_true-unreach-call.i.cil.c">ssh/s3_srvr.blast.10_true-unreach-call.i.cil.c</a></td>
<td class="error main_status link" title="Click here to show output of tool"><a href="https://sosy-lab.github.io/benchexec/example-table/cbmc.2015-12-11_1211.logfiles/s3_srvr.blast.10_true-unreach-call.i.cil.c.log">timeout</a></td>
<td class="error measure">60.0&#x2007;</td>
<td class="error measure">60.4&#x2007;</td>
<td class="error count">796602368</td>
</tr>
<tr><td title="Click here to show source code"><a href="https://sosy-lab.github.io/benchexec/example-table/test/programs/benchmarks/ssh/s3_srvr.blast.11_true-unreach-call.i.cil.c">ssh/s3_srvr.blast.11_true-unreach-call.i.cil.c</a></td>
<td class="error main_status link" title="Click here to show output of tool"><a href="https://sosy-lab.github.io/benchexec/example-table/cbmc.2015-12-11_1211.logfiles/s3_srvr.blast.11_true-unreach-call.i.cil.c.log">timeout</a></td>
<td class="error measure">60.1&#x2007;</td>
<td class="error measure">60.2&#x2007;</td>
<td class="error count">814174208</td>
</tr>
<tr><td title="Click here to show source code"><a href="https://sosy-lab.github.io/benchexec/example-table/test/programs/benchmarks/ssh/s3_srvr.blast.12_true-unreach-call.i.cil.c">ssh/s3_srvr.blast.12_true-unreach-call.i.cil.c</a></td>
<td class="error main_status link" title="Click here to show output of tool"><a href="https://sosy-lab.github.io/benchexec/example-table/cbmc.2015-12-11_1211.logfiles/s3_srvr.blast.12_true-unreach-call.i.cil.c.log">timeout</a></td>
<td class="error measure">60.1&#x2007;</td>
<td class="error measure">60.1&#x2007;</td>
<td class="error count">803172352</td>
</tr>
<tr><td title="Click here to show source code"><a href="https://sosy-lab.github.io/benchexec/example-table/test/programs/benchmarks/ssh/s3_srvr.blast.13_true-unreach-call.i.cil.c">ssh/s3_srvr.blast.13_true-unreach-call.i.cil.c</a></td>
<td class="error main_status link" title="Click here to show output of tool"><a href="https://sosy-lab.github.io/benchexec/example-table/cbmc.2015-12-11_1211.logfiles/s3_srvr.blast.13_true-unreach-call.i.cil.c.log">timeout</a></td>
<td class="error measure">60.1&#x2007;</td>
<td class="error measure">60.1&#x2007;</td>
<td class="error count">816447488</td>
</tr>
<tr><td title="Click here to show source code"><a href="https://sosy-lab.github.io/benchexec/example-table/test/programs/benchmarks/ssh/s3_srvr.blast.14_true-unreach-call.i.cil.c">ssh/s3_srvr.blast.14_true-unreach-call.i.cil.c</a></td>
<td class="error main_status link" title="Click here to show output of tool"><a href="https://sosy-lab.github.io/benchexec/example-table/cbmc.2015-12-11_1211.logfiles/s3_srvr.blast.14_true-unreach-call.i.cil.c.log">timeout</a></td>
<td class="error measure">60.1&#x2007;</td>
<td class="error measure">60.1&#x2007;</td>
<td class="error count">803966976</td>
</tr>
<tr><td title="Click here to show source code"><a href="https://sosy-lab.github.io/benchexec/example-table/test/programs/benchmarks/ssh/s3_srvr.blast.15_true-unreach-call.i.cil.c">ssh/s3_srvr.blast.15_true-unreach-call.i.cil.c</a></td>
<td class="error main_status link" title="Click here to show output of tool"><a href="https://sosy-lab.github.io/benchexec/example-table/cbmc.2015-12-11_1211.logfiles/s3_srvr.blast.15_true-unreach-call.i.cil.c.log">timeout</a></td>
<td class="error measure">60.8&#x2007;</td>
<td class="error measure">61.5&#x2007;</td>
<td class="error count">801054720</td>
</tr>
<tr><td title="Click here to show source code"><a href="https://sosy-lab.github.io/benchexec/example-table/test/programs/benchmarks/ssh/s3_srvr.blast.16_true-unreach-call.i.cil.c">ssh/s3_srvr.blast.16_true-unreach-call.i.cil.c</a></td>
<td class="error main_status link" title="Click here to show output of tool"><a href="https://sosy-lab.github.io/benchexec/example-table/cbmc.2015-12-11_1211.logfiles/s3_srvr.blast.16_true-unreach-call.i.cil.c.log">timeout</a></td>
<td class="error measure">60.0&#x2007;</td>
<td class="error measure">60.1&#x2007;</td>
<td class="error count">807804928</td>
</tr>
</tbody>

<tfoot>
<tr class="columnTitles">
<td colspan="1">https://sosy-lab.github.io/benchexec/example-table/test/programs/benchmarks/</td>
<td colspan="1">status</td>
<td colspan="1">cputime (s)</td>
<td colspan="1">walltime (s)</td>
<td colspan="1">memUsage</td>
</tr>
<tr class="statistics">
<td colspan="1" title="in total 22 true tasks, 24 false tasks">total</td>
<td class="main_status">46</td>
<td class="measure" title="Min: 1.24, Max: 61.1, Average: 34.57, Median: 60.0, StDev: 26.86">1590</td>
<td class="measure" title="Min: 1.26, Max: 61.7, Average: 34.72, Median: 60.0, StDev: 26.95">1600</td>
<td class="count" title="Min: 104386560, Max: 3500752896, Average: 626294160.7, Median: 613658624, StDev: 564494262.45">28809531392</td>
</tr>
<tr class="statistics">
<td colspan="1" title="(This line contains some statistics from local execution. Only trust those values, if you use your own computer.)">local summary</td>
<td class="main_status novalue"></td>
<td class="measure">148</td>
<td class="measure">1620</td>
<td class="count novalue"></td>
</tr>
<tr class="statistics">
<td colspan="1" title="(property holds + result is true) OR (property does not hold + result is false)">&nbsp;&nbsp;&nbsp;&nbsp;correct results</td>
<td class="main_status">22</td>
<td class="measure" title="Min: 1.24, Max: 15.5, Average: 6.67, Median: 5.05, StDev: 4.18">147</td>
<td class="measure" title="Min: 1.26, Max: 15.5, Average: 6.74, Median: 5.08, StDev: 4.21">148</td>
<td class="count" title="Min: 104386560, Max: 676438016, Average: 274478917.82, Median: 230211584, StDev: 131490186.82">6038536192</td>
</tr>
<tr class="statistics">
<td colspan="1" title="property holds + result is true">&nbsp;&nbsp;&nbsp;&nbsp;&nbsp;&nbsp;&nbsp;&nbsp;correct true</td>
<td class="main_status">0</td>
<td class="measure novalue"></td>
<td class="measure novalue"></td>
<td class="count novalue"></td>
</tr>
<tr class="statistics">
<td colspan="1" title="property does not hold + result is false">&nbsp;&nbsp;&nbsp;&nbsp;&nbsp;&nbsp;&nbsp;&nbsp;correct false</td>
<td class="main_status">22</td>
<td class="measure" title="Min: 1.24, Max: 15.5, Average: 6.67, Median: 5.05, StDev: 4.18">147</td>
<td class="measure" title="Min: 1.26, Max: 15.5, Average: 6.74, Median: 5.08, StDev: 4.21">148</td>
<td class="count" title="Min: 104386560, Max: 676438016, Average: 274478917.82, Median: 230211584, StDev: 131490186.82">6038536192</td>
</tr>
<tr class="statistics">
<td colspan="1" title="(property holds + result is false) OR (property does not hold + result is true)">&nbsp;&nbsp;&nbsp;&nbsp;incorrect results</td>
<td class="main_status">0</td>
<td class="measure novalue"></td>
<td class="measure novalue"></td>
<td class="count novalue"></td>
</tr>
<tr class="statistics">
<td colspan="1" title="property does not hold + result is true">&nbsp;&nbsp;&nbsp;&nbsp;&nbsp;&nbsp;&nbsp;&nbsp;incorrect true</td>
<td class="main_status">0</td>
<td class="measure novalue"></td>
<td class="measure novalue"></td>
<td class="count novalue"></td>
</tr>
<tr class="statistics">
<td colspan="1" title="property holds + result is false">&nbsp;&nbsp;&nbsp;&nbsp;&nbsp;&nbsp;&nbsp;&nbsp;incorrect false</td>
<td class="main_status">0</td>
<td class="measure novalue"></td>
<td class="measure novalue"></td>
<td class="count novalue"></td>
</tr>
<tr class="statistics">
<td colspan="1" title="in total 22 true tasks, 24 false tasks">score (46 tasks, max score: 68)</td>
<td class="score main_status">22</td>
<td class="score measure novalue"></td>
<td class="score measure novalue"></td>
<td class="score count novalue"></td>
</tr>
<tr class="run">
<td colspan="1">Run set</td>
<td colspan="4">cbmc</td>
</tr>
</tfoot>
</table>