tool	CPAchecker 1.6.1-svn 24048	CPAchecker 1.6.1-svn 24048	CPAchecker 1.6.1-svn 24048	CPAchecker 1.6.1-svn 24048	CPAchecker 1.6.1-svn 24048	CPAchecker 1.6.1-svn 24048	CPAchecker 1.6.1-svn 24048	CPAchecker 1.6.1-svn 24048	CPAchecker 1.6.1-svn 24048	CPAchecker 1.6.1-svn 24048	CPAchecker 1.6.1-svn 24048	CPAchecker 1.6.1-svn 24048	CPAchecker 1.6.1-svn 24048	CPAchecker 1.6.1-svn 24048	CPAchecker 1.6.1-svn 24048	CPAchecker 1.6.1-svn 24048	CPAchecker 1.6.1-svn 24048	CPAchecker 1.6.1-svn 24048	CPAchecker 1.6.1-svn 24048	CPAchecker 1.6.1-svn 24048
run set	cpa-seq.sv-comp17.ReachSafety-ControlFlow	cpa-seq.sv-comp17.ReachSafety-ControlFlow	cpa-seq.sv-comp17.ReachSafety-ControlFlow	cpa-seq.sv-comp17.ReachSafety-ControlFlow	cpa-seq.sv-comp17.ReachSafety-ControlFlow	cpa-seq.sv-comp17.ReachSafety-ControlFlow	cpa-seq.sv-comp17.ReachSafety-ControlFlow	cpa-seq.sv-comp17.ReachSafety-ControlFlow	cpa-seq.sv-comp17.ReachSafety-ControlFlow	cpa-seq.sv-comp17.ReachSafety-ControlFlow	cpa-kind.sv-comp17.ReachSafety-ControlFlow	cpa-kind.sv-comp17.ReachSafety-ControlFlow	cpa-kind.sv-comp17.ReachSafety-ControlFlow	cpa-kind.sv-comp17.ReachSafety-ControlFlow	cpa-kind.sv-comp17.ReachSafety-ControlFlow	cpa-kind.sv-comp17.ReachSafety-ControlFlow	cpa-kind.sv-comp17.ReachSafety-ControlFlow	cpa-kind.sv-comp17.ReachSafety-ControlFlow	cpa-kind.sv-comp17.ReachSafety-ControlFlow	cpa-kind.sv-comp17.ReachSafety-ControlFlow
benchexec/tablegenerator/sv-benchmarks/c/	verifier status	cpu (s)	validator cpachecker validation status	cpu (s)	validator uautomizer violation status	cpu (s)	validator cpachecker correctness status	cpu (s)	validator uautomizer correctness status	cpu (s)	verifier status	cpu (s)	validator cpachecker validation status	cpu (s)	validator uautomizer violation status	cpu (s)	validator cpachecker correctness status	cpu (s)	validator uautomizer correctness status	cpu (s)
ntdrivers-simplified/cdaudio_simpl1_false-unreach-call_true-valid-memsafety_true-termination.cil.c	false(unreach-call)	8.0	false(unreach-call)	8.6	false(unreach-call)	21					false(unreach-call)	16	unknown	20	TIMEOUT (false(unreach-call))	93				
ntdrivers-simplified/floppy_simpl3_false-unreach-call_true-valid-memsafety_true-termination.cil.c	false(unreach-call)	8.4	false(unreach-call)	7.6	false(unreach-call)	18					false(unreach-call)	36	true	8.0	true	11				
ntdrivers-simplified/floppy_simpl4_false-unreach-call_true-valid-memsafety_true-termination.cil.c	false(unreach-call)	9.3	false(unreach-call)	7.9	false(unreach-call)	22					TIMEOUT	960	ERROR (invalid witness file)	0.53	ERROR (invalid witness file)	6.1				
ntdrivers-simplified/kbfiltr_simpl2_false-unreach-call_true-valid-memsafety_true-termination.cil.c	false(unreach-call)	5.4	false(unreach-call)	8.2	false(unreach-call)	13					false(unreach-call)	10	false(unreach-call)	11	false(unreach-call)	28				
ntdrivers-simplified/cdaudio_simpl1_true-unreach-call_true-valid-memsafety_true-termination.cil.c	true	7.3					true	17	true	96	true	14					true	20	true	95
ntdrivers-simplified/diskperf_simpl1_true-unreach-call_true-valid-memsafety_true-termination.cil.c	true	100					OUT OF MEMORY	400	true	66	true	50					OUT OF MEMORY	470	true	81
ntdrivers-simplified/floppy_simpl3_true-unreach-call_true-valid-memsafety_true-termination.cil.c	true	7.4					true	12	true	65	true	9.8					true	14	true	80
ntdrivers-simplified/floppy_simpl4_true-unreach-call_true-valid-memsafety_true-termination.cil.c	true	8.3					true	15	true	77	true	11					true	17	true	88
ntdrivers-simplified/kbfiltr_simpl1_true-unreach-call_true-valid-memsafety_true-termination.cil.c	true	3.5					true	7.1	true	19	true	5.7					true	8.1	true	21
ntdrivers-simplified/kbfiltr_simpl2_true-unreach-call_true-valid-memsafety_true-termination.cil.c	true	4.3					true	9.2	true	23	true	7.9					true	7.9	true	24
ssh-simplified/s3_clnt_1_false-unreach-call.cil.c	false(unreach-call)	5.8	false(unreach-call)	6.7	false(unreach-call)	11					false(unreach-call)	28	false(unreach-call)	7.4	false(unreach-call)	12				
ssh-simplified/s3_clnt_2_false-unreach-call_true-termination.cil.c	false(unreach-call)	6.2	false(unreach-call)	7.6	false(unreach-call)	12					false(unreach-call)	29	false(unreach-call)	7.0	false(unreach-call)	12				
ssh-simplified/s3_clnt_3_false-unreach-call.cil.c	false(unreach-call)	6.2	false(unreach-call)	6.8	false(unreach-call)	15					false(unreach-call)	30	false(unreach-call)	7.2	false(unreach-call)	12				
ssh-simplified/s3_clnt_4_false-unreach-call.cil.c	false(unreach-call)	6.2	false(unreach-call)	7.0	false(unreach-call)	15					false(unreach-call)	24	false(unreach-call)	7.2	false(unreach-call)	13				
ssh-simplified/s3_srvr_10_false-unreach-call.cil.c	false(unreach-call)	12	false(unreach-call)	5.9	false(unreach-call)	13					false(unreach-call)	7.1	false(unreach-call)	6.2	false(unreach-call)	10				
ssh-simplified/s3_srvr_11_false-unreach-call.cil.c	false(unreach-call)	120	false(unreach-call)	9.2	false(unreach-call)	19					false(unreach-call)	100	false(unreach-call)	8.6	false(unreach-call)	16				
ssh-simplified/s3_srvr_12_false-unreach-call.cil.c	false(unreach-call)	120	false(unreach-call)	8.0	false(unreach-call)	15					false(unreach-call)	84	false(unreach-call)	9.1	false(unreach-call)	14				
ssh-simplified/s3_srvr_13_false-unreach-call.cil.c	false(unreach-call)	110	false(unreach-call)	6.8	false(unreach-call)	16					false(unreach-call)	50	false(unreach-call)	7.1	false(unreach-call)	12				
ssh-simplified/s3_srvr_14_false-unreach-call.cil.c	false(unreach-call)	45	false(unreach-call)	6.5	false(unreach-call)	14					false(unreach-call)	9.7	false(unreach-call)	6.5	false(unreach-call)	15				
ssh-simplified/s3_srvr_1_false-unreach-call.cil.c	false(unreach-call)	5.0	false(unreach-call)	6.9	false(unreach-call)	15					false(unreach-call)	18	false(unreach-call)	7.4	false(unreach-call)	12				
ssh-simplified/s3_srvr_2_false-unreach-call.cil.c	false(unreach-call)	5.1	false(unreach-call)	6.8	false(unreach-call)	15					false(unreach-call)	19	false(unreach-call)	8.0	false(unreach-call)	13				
ssh-simplified/s3_srvr_6_false-unreach-call.cil.c	false(unreach-call)	3.1	false(unreach-call)	5.1	false(unreach-call)	11					false(unreach-call)	6.8	false(unreach-call)	5.4	false(unreach-call)	9.6				
ssh-simplified/s3_clnt_1_true-unreach-call.cil.c	true	20					true	14	true	55	true	23					unknown	12	false(unreach-call)	13
ssh-simplified/s3_clnt_2_true-unreach-call_true-termination.cil.c	true	19					true	13	true	61	true	20					unknown	15	false(unreach-call)	13
ssh-simplified/s3_clnt_3_true-unreach-call.cil.c	true	22					true	15	true	52	true	28					unknown	15	false(unreach-call)	13
ssh-simplified/s3_clnt_4_true-unreach-call.cil.c	true	21					true	14	true	55	true	24					unknown	14	false(unreach-call)	15
ssh-simplified/s3_srvr_1_true-unreach-call.cil.c	true	24					OUT OF MEMORY	840	true	56	true	42					TIMEOUT	910	false(unreach-call)	79
ssh-simplified/s3_srvr_1a_true-unreach-call_false-termination.cil.c	true	3.2					true	8.2	true	11	true	4.4					true	9.7	true	11
ssh-simplified/s3_srvr_1b_true-unreach-call_false-termination.cil.c	true	2.5					true	5.1	true	8.4	true	3.2					true	5.1	true	9.4
ssh-simplified/s3_srvr_2_true-unreach-call.cil.c	true	24					TIMEOUT	910	true	51	true	22					TIMEOUT	910	false(unreach-call)	63
ssh-simplified/s3_srvr_3_true-unreach-call.cil.c	true	25					TIMEOUT	910	true	51	true	150					TIMEOUT	910	true	57
ssh-simplified/s3_srvr_4_true-unreach-call.cil.c	true	24					TIMEOUT	910	true	49	true	100					TIMEOUT	910	true	58
ssh-simplified/s3_srvr_6_true-unreach-call.cil.c	true	97					TIMEOUT	910	true	56	SEGMENTATION FAULT	48					ERROR (invalid witness file)	0.53	ERROR (invalid witness file)	6.4
ssh-simplified/s3_srvr_7_true-unreach-call.cil.c	true	96					TIMEOUT	910	true	53	true	190					TIMEOUT	900	true	60
ssh-simplified/s3_srvr_8_true-unreach-call.cil.c	true	24					TIMEOUT	910	true	53	true	43					TIMEOUT	910	false(unreach-call)	67
locks/test_locks_14_false-unreach-call_true-valid-memsafety_false-termination.c	false(unreach-call)	93	false(unreach-call)	4.8	false(unreach-call)	11					TIMEOUT	960	ERROR (invalid witness file)	0.54	ERROR (invalid witness file)	6.1				
locks/test_locks_15_false-unreach-call_true-valid-memsafety_false-termination.c	false(unreach-call)	94	false(unreach-call)	4.6	false(unreach-call)	8.6					TIMEOUT	960	ERROR (invalid witness file)	0.49	ERROR (invalid witness file)	5.9				
locks/test_locks_10_true-unreach-call_true-valid-memsafety_false-termination.c	true	27					true	6.0	true	23	true	5.9					true	6.4	false(unreach-call)	9.8
locks/test_locks_11_true-unreach-call_true-valid-memsafety_false-termination.c	true	160					true	5.8	true	26	true	6.1					true	8.2	false(unreach-call)	8.3
locks/test_locks_12_true-unreach-call_true-valid-memsafety_false-termination.c	true	150					true	5.9	true	32	true	7.0					true	6.5	false(unreach-call)	8.9
locks/test_locks_13_true-unreach-call_true-valid-memsafety_false-termination.c	true	150					true	7.8	true	39	true	6.2					true	8.9	false(unreach-call)	7.8
locks/test_locks_14_true-unreach-call_true-valid-memsafety_false-termination.c	true	150					true	6.6	true	110	true	6.8					true	9.1	false(unreach-call)	7.9
locks/test_locks_15_true-unreach-call_true-valid-memsafety_false-termination.c	true	150					true	8.1	OUT OF MEMORY	110	true	6.4					true	9.1	false(unreach-call)	9.8
locks/test_locks_5_true-unreach-call_true-valid-memsafety_false-termination.c	true	3.0					true	4.9	true	9.6	true	4.4					true	4.6	true	10
locks/test_locks_6_true-unreach-call_true-valid-memsafety_false-termination.c	true	3.6					true	6.2	true	12	true	5.6					true	5.9	true	12
locks/test_locks_7_true-unreach-call_true-valid-memsafety_false-termination.c	true	5.1					true	5.2	true	14	true	5.9					true	6.9	false(unreach-call)	8.3
locks/test_locks_8_true-unreach-call_true-valid-memsafety_false-termination.c	true	7.8					true	6.9	true	16	true	5.7					true	5.7	false(unreach-call)	8.3
locks/test_locks_9_true-unreach-call_true-valid-memsafety_false-termination.c	true	13					true	7.1	true	20	true	6.3					true	6.1	false(unreach-call)	7.6
ntdrivers/cdaudio_false-unreach-call.i.cil.c	false(unreach-call)	52	false(unreach-call)	41	true	25					SEGMENTATION FAULT	690	ERROR (invalid witness file)	0.52	ERROR (invalid witness file)	7.2				
ntdrivers/diskperf_false-unreach-call.i.cil.c	false(unreach-call)	100	false(unreach-call)	27	true	14					TIMEOUT	960	unknown	64	false(unreach-call)	27				
ntdrivers/floppy_false-unreach-call.i.cil.c	false(unreach-call)	15	false(unreach-call)	16	true	25					TIMEOUT	960	ERROR (invalid witness file)	0.53	ERROR (invalid witness file)	7.0				
ntdrivers/kbfiltr_false-unreach-call.i.cil.c	false(unreach-call)	9.0	false(unreach-call)	11	true	14					unknown	290	false(unreach-call)	17	TIMEOUT	97				
ntdrivers/parport_false-unreach-call.i.cil.c	false(unreach-call)	150	false(unreach-call)	14	TIMEOUT	91					false(unreach-call)	530	true	12	true	27				
ntdrivers/cdaudio_true-unreach-call.i.cil.c	true	9.2					true	48	true	170	true	15					true	52	true	160
ntdrivers/diskperf_true-unreach-call.i.cil.c	true	100					OUT OF MEMORY	830	true	98	true	77					OUT OF MEMORY	850	true	100
ntdrivers/parport_true-unreach-call.i.cil.c	true	160					OUT OF MEMORY	420	true	190	TIMEOUT	960					OUT OF MEMORY	600	ERROR	25
ssh/s3_clnt.blast.01_false-unreach-call.i.cil.c	OUT OF MEMORY	190	ERROR (invalid witness file)	0.47	ERROR (invalid witness file)	6.1					OUT OF MEMORY	280	ERROR (invalid witness file)	0.57	ERROR (invalid witness file)	6.2				
ssh/s3_clnt.blast.02_false-unreach-call.i.cil.c	OUT OF MEMORY	170	ERROR (invalid witness file)	0.53	ERROR (invalid witness file)	6.7					OUT OF MEMORY	190	ERROR (invalid witness file)	0.52	ERROR (invalid witness file)	6.3				
ssh/s3_clnt.blast.03_false-unreach-call.i.cil.c	OUT OF MEMORY	170	ERROR (invalid witness file)	0.50	ERROR (invalid witness file)	6.8					OUT OF MEMORY	230	ERROR (invalid witness file)	0.50	ERROR (invalid witness file)	6.4				
ssh/s3_clnt.blast.04_false-unreach-call.i.cil.c	OUT OF MEMORY	170	ERROR (invalid witness file)	0.53	ERROR (invalid witness file)	7.7					OUT OF MEMORY	220	ERROR (invalid witness file)	0.49	ERROR (invalid witness file)	6.4				
ssh/s3_srvr.blast.01_false-unreach-call.i.cil.c	OUT OF MEMORY	170	ERROR (invalid witness file)	0.52	ERROR (invalid witness file)	7.4					OUT OF MEMORY	240	ERROR (invalid witness file)	0.53	ERROR (invalid witness file)	6.0				
ssh/s3_srvr.blast.02_false-unreach-call.i.cil.c	OUT OF MEMORY	170	ERROR (invalid witness file)	0.50	ERROR (invalid witness file)	8.4					OUT OF MEMORY	240	ERROR (invalid witness file)	0.53	ERROR (invalid witness file)	6.3				
ssh/s3_srvr.blast.03_false-unreach-call.i.cil.c	OUT OF MEMORY	180	ERROR (invalid witness file)	0.48	ERROR (invalid witness file)	6.6					OUT OF MEMORY	230	ERROR (invalid witness file)	0.49	ERROR (invalid witness file)	6.1				
ssh/s3_srvr.blast.04_false-unreach-call.i.cil.c	OUT OF MEMORY	170	ERROR (invalid witness file)	0.56	ERROR (invalid witness file)	7.9					OUT OF MEMORY	230	ERROR (invalid witness file)	0.52	ERROR (invalid witness file)	6.4				
ssh/s3_srvr.blast.06_false-unreach-call.i.cil.c	OUT OF MEMORY	160	ERROR (invalid witness file)	0.62	ERROR (invalid witness file)	7.3					OUT OF MEMORY	500	ERROR (invalid witness file)	0.48	ERROR (invalid witness file)	6.3				
ssh/s3_srvr.blast.07_false-unreach-call.i.cil.c	OUT OF MEMORY	240	ERROR (invalid witness file)	0.66	ERROR (invalid witness file)	7.7					OUT OF MEMORY	390	ERROR (invalid witness file)	0.52	ERROR (invalid witness file)	6.5				
ssh/s3_srvr.blast.08_false-unreach-call.i.cil.c	OUT OF MEMORY	330	ERROR (invalid witness file)	0.51	ERROR (invalid witness file)	7.9					TIMEOUT	960	ERROR (invalid witness file)	0.50	ERROR (invalid witness file)	6.5				
ssh/s3_srvr.blast.09_false-unreach-call.i.cil.c	OUT OF MEMORY	240	ERROR (invalid witness file)	0.56	ERROR (invalid witness file)	6.3					OUT OF MEMORY	390	ERROR (invalid witness file)	0.50	ERROR (invalid witness file)	5.9				
ssh/s3_srvr.blast.10_false-unreach-call.i.cil.c	OUT OF MEMORY	330	ERROR (invalid witness file)	0.53	ERROR (invalid witness file)	7.3					TIMEOUT	960	ERROR (invalid witness file)	0.54	ERROR (invalid witness file)	6.0				
ssh/s3_srvr.blast.11_false-unreach-call.i.cil.c	OUT OF MEMORY	200	ERROR (invalid witness file)	0.52	ERROR (invalid witness file)	8.1					OUT OF MEMORY	340	ERROR (invalid witness file)	0.50	ERROR (invalid witness file)	6.2				
ssh/s3_srvr.blast.12_false-unreach-call.i.cil.c	OUT OF MEMORY	150	ERROR (invalid witness file)	0.49	ERROR (invalid witness file)	7.5					OUT OF MEMORY	480	ERROR (invalid witness file)	0.49	ERROR (invalid witness file)	6.0				
ssh/s3_srvr.blast.13_false-unreach-call.i.cil.c	OUT OF MEMORY	240	ERROR (invalid witness file)	0.58	ERROR (invalid witness file)	8.2					OUT OF MEMORY	380	ERROR (invalid witness file)	0.53	ERROR (invalid witness file)	6.6				
ssh/s3_srvr.blast.14_false-unreach-call.i.cil.c	OUT OF MEMORY	150	ERROR (invalid witness file)	0.48	ERROR (invalid witness file)	7.1					OUT OF MEMORY	470	ERROR (invalid witness file)	0.56	ERROR (invalid witness file)	6.4				
ssh/s3_srvr.blast.15_false-unreach-call.i.cil.c	OUT OF MEMORY	350	ERROR (invalid witness file)	0.54	ERROR (invalid witness file)	6.2					TIMEOUT	960	ERROR (invalid witness file)	0.51	ERROR (invalid witness file)	6.0				
ssh/s3_srvr.blast.16_false-unreach-call.i.cil.c	OUT OF MEMORY	160	ERROR (invalid witness file)	0.48	ERROR (invalid witness file)	7.9					OUT OF MEMORY	510	ERROR (invalid witness file)	0.49	ERROR (invalid witness file)	6.6				
ssh/s3_clnt.blast.01_true-unreach-call.i.cil.c	true	110					true	230	TIMEOUT	960	true	33					true	260	TIMEOUT	960
ssh/s3_clnt.blast.02_true-unreach-call.i.cil.c	true	110					true	220	TIMEOUT	960	true	35					true	210	TIMEOUT	960
ssh/s3_clnt.blast.03_true-unreach-call.i.cil.c	true	140					true	200	TIMEOUT	960	true	34					true	200	TIMEOUT	960
ssh/s3_clnt.blast.04_true-unreach-call.i.cil.c	true	120					true	230	TIMEOUT	960	true	34					true	220	TIMEOUT	960