tool	CPAchecker 1.6.1-svn 24048	CPAchecker 1.6.1-svn 24048	CPAchecker 1.6.1-svn 24048	CPAchecker 1.6.1-svn 24048	CPAchecker 1.6.1-svn 24048	CPAchecker 1.6.1-svn 24048	CPAchecker 1.6.1-svn 24048	CPAchecker 1.6.1-svn 24048	CPAchecker 1.6.1-svn 24048	CPAchecker 1.6.1-svn 24048	CPAchecker 1.6.1-svn 24048	CPAchecker 1.6.1-svn 24048	CPAchecker 1.6.1-svn 24048	CPAchecker 1.6.1-svn 24048	CPAchecker 1.6.1-svn 24048	CPAchecker 1.6.1-svn 24048	CPAchecker 1.6.1-svn 24048	CPAchecker 1.6.1-svn 24048	CPAchecker 1.6.1-svn 24048	CPAchecker 1.6.1-svn 24048
run set	cpa-seq.sv-comp17.ReachSafety-ControlFlow	cpa-seq.sv-comp17.ReachSafety-ControlFlow	cpa-seq.sv-comp17.ReachSafety-ControlFlow	cpa-seq.sv-comp17.ReachSafety-ControlFlow	cpa-seq.sv-comp17.ReachSafety-ControlFlow	cpa-seq.sv-comp17.ReachSafety-ControlFlow	cpa-seq.sv-comp17.ReachSafety-ControlFlow	cpa-seq.sv-comp17.ReachSafety-ControlFlow	cpa-seq.sv-comp17.ReachSafety-ControlFlow	cpa-seq.sv-comp17.ReachSafety-ControlFlow	cpa-kind.sv-comp17.ReachSafety-ControlFlow	cpa-kind.sv-comp17.ReachSafety-ControlFlow	cpa-kind.sv-comp17.ReachSafety-ControlFlow	cpa-kind.sv-comp17.ReachSafety-ControlFlow	cpa-kind.sv-comp17.ReachSafety-ControlFlow	cpa-kind.sv-comp17.ReachSafety-ControlFlow	cpa-kind.sv-comp17.ReachSafety-ControlFlow	cpa-kind.sv-comp17.ReachSafety-ControlFlow	cpa-kind.sv-comp17.ReachSafety-ControlFlow	cpa-kind.sv-comp17.ReachSafety-ControlFlow
benchexec/tablegenerator/sv-benchmarks/c/	verifier status	cpu (s)	validator cpachecker validation status	cpu (s)	validator uautomizer violation status	cpu (s)	validator cpachecker correctness status	cpu (s)	validator uautomizer correctness status	cpu (s)	verifier status	cpu (s)	validator cpachecker validation status	cpu (s)	validator uautomizer violation status	cpu (s)	validator cpachecker correctness status	cpu (s)	validator uautomizer correctness status	cpu (s)
ntdrivers-simplified/floppy_simpl4_false-unreach-call_true-valid-memsafety_true-termination.cil.c	false(unreach-call)	9.3	false(unreach-call)	7.9	false(unreach-call)	22					TIMEOUT	960	ERROR (invalid witness file)	0.53	ERROR (invalid witness file)	6.1				
ssh-simplified/s3_srvr_6_true-unreach-call.cil.c	true	97					TIMEOUT	910	true	56	SEGMENTATION FAULT	48					ERROR (invalid witness file)	0.53	ERROR (invalid witness file)	6.4
locks/test_locks_14_false-unreach-call_true-valid-memsafety_false-termination.c	false(unreach-call)	93	false(unreach-call)	4.8	false(unreach-call)	11					TIMEOUT	960	ERROR (invalid witness file)	0.54	ERROR (invalid witness file)	6.1				
locks/test_locks_15_false-unreach-call_true-valid-memsafety_false-termination.c	false(unreach-call)	94	false(unreach-call)	4.6	false(unreach-call)	8.6					TIMEOUT	960	ERROR (invalid witness file)	0.49	ERROR (invalid witness file)	5.9				
ntdrivers/cdaudio_false-unreach-call.i.cil.c	false(unreach-call)	52	false(unreach-call)	41	true	25					SEGMENTATION FAULT	690	ERROR (invalid witness file)	0.52	ERROR (invalid witness file)	7.2				
ntdrivers/diskperf_false-unreach-call.i.cil.c	false(unreach-call)	100	false(unreach-call)	27	true	14					TIMEOUT	960	unknown	64	false(unreach-call)	27				
ntdrivers/floppy_false-unreach-call.i.cil.c	false(unreach-call)	15	false(unreach-call)	16	true	25					TIMEOUT	960	ERROR (invalid witness file)	0.53	ERROR (invalid witness file)	7.0				
ntdrivers/kbfiltr_false-unreach-call.i.cil.c	false(unreach-call)	9.0	false(unreach-call)	11	true	14					unknown	290	false(unreach-call)	17	TIMEOUT	97				
ntdrivers/parport_true-unreach-call.i.cil.c	true	160					OUT OF MEMORY	420	true	190	TIMEOUT	960					OUT OF MEMORY	600	ERROR	25
ssh/s3_srvr.blast.08_false-unreach-call.i.cil.c	OUT OF MEMORY	330	ERROR (invalid witness file)	0.51	ERROR (invalid witness file)	7.9					TIMEOUT	960	ERROR (invalid witness file)	0.50	ERROR (invalid witness file)	6.5				
ssh/s3_srvr.blast.10_false-unreach-call.i.cil.c	OUT OF MEMORY	330	ERROR (invalid witness file)	0.53	ERROR (invalid witness file)	7.3					TIMEOUT	960	ERROR (invalid witness file)	0.54	ERROR (invalid witness file)	6.0				
ssh/s3_srvr.blast.15_false-unreach-call.i.cil.c	OUT OF MEMORY	350	ERROR (invalid witness file)	0.54	ERROR (invalid witness file)	6.2					TIMEOUT	960	ERROR (invalid witness file)	0.51	ERROR (invalid witness file)	6.0