tool		CPAchecker 1.4-svn 15944M	CPAchecker 1.4-svn 15944M	CPAchecker 1.4-svn 15944M	CPAchecker 1.4-svn 15944M	CPAchecker 1.4-svn 15944M	CPAchecker 1.4-svn 15944M
run set		predicateAnalysis	predicateAnalysis	predicateAnalysis	predicateAnalysis	predicateAnalysis	predicateAnalysis
benchexec/tablegenerator/test_integration/results/		status	cputime (ms)	cputime-h (h)	walltime (ns)	memUsage (MB)	memUsage-GB (GB)
test/programs/simple/bitvectors/implicitunsignedconversion_false-unreach-label.i	unreach-label	true	2170	0.0006026	0.00000022	128.03	0.12803
test/programs/simple/switch_test_default_fallthrough_false-unreach-label.c	unreach-label	false(reach)	2190	0.0006083	0.00000022	129.12	0.12912
test/programs/simple/compoundLiteral_true-unreach-label.c	unreach-label	true	2230	0.0006193	0.00000022	132.34	0.13234
doc/examples/example.c		true	2270	0.0006312	0.00000023	129.47	0.12947
test/programs/simple/builtin_expect_true-unreach-label.c	unreach-label	true	2060	0.0005718	0.00000021	126.31	0.12631