<table id="dataTable">
<thead>
  <tr id="tool" class="tool collapsable-header">
<td colspan="2">Tool</td>
<td colspan="6">CPAchecker 1.4-svn 15944M</td>
</tr>
  <tr id="limits" class="limits collapsable-header">
<td colspan="2">Limits</td>
<td colspan="6">timelimit: 10 s, memlimit: 3000 MB, CPU core limit: 1</td>
</tr>
  <tr id="host" class="host collapsable-header">
<td colspan="2">Host</td>
<td colspan="6">tortuga</td>
</tr>
  <tr id="os" class="os collapsable-header">
<td colspan="2">OS</td>
<td colspan="6">Linux 3.13.0-45-generic x86_64</td>
</tr>
  <tr id="system" class="system collapsable-header">
<td colspan="2">System</td>
<td colspan="6">CPU: Intel Core i7-2600 CPU @ 3.40GHz, cores: 8, frequency: 3401 MHz; RAM: 16389384 kB</td>
</tr>
  <tr id="date" class="date collapsable-header">
<td colspan="2">Date of execution</td>
<td colspan="6">2015-03-03 16:13:02 CET</td>
</tr>
  <tr id="run" class="run ">
<td colspan="2">Run set</td>
<td colspan="6">predicateAnalysis</td>
</tr>
  <tr id="options" class="options collapsable-header">
<td colspan="2">Options</td>
<td colspan="6"><span style="display:block">-noout</span><span style="display:block"> -setprop log.consoleLevel=WARNING</span><span style="display:block"> -predicateAnalysis</span></td>
</tr>
  <tr id="columnTitles" class="columnTitles ">
<td colspan="2">benchexec/tablegenerator/test_integration/results/</td>
<td colspan="1">status</td>
<td colspan="1">cputime (ms)</td>
<td colspan="1">cputime-h (h)</td>
<td colspan="1">walltime (ns)</td>
<td colspan="1">memUsage (MB)</td>
<td colspan="1">memUsage-GB (GB)</td>
</tr>
</thead>

<tbody>
<tr><td title="Click here to show source code"><a href="../results/test/programs/simple/bitvectors/implicitunsignedconversion_false-unreach-label.i">test/programs/simple/bitvectors/implicitunsignedconversion_false-unreach-label.i</a></td>
<td>unreach-label</td>
<td class="wrong main_status link" title="Click here to show output of tool"><a href="../results/test.2015-03-03_1613.logfiles/predicateAnalysis.implicitunsignedconversion_false-unreach-label.i.log">true</a></td>
<td class="wrong measure">2170</td>
<td class="wrong measure">.0006026</td>
<td class="wrong measure">.00000022</td>
<td class="wrong measure">128.03</td>
<td class="wrong measure">.12803</td>
</tr>
<tr><td title="Click here to show source code"><a href="../results/test/programs/simple/switch_test_default_fallthrough_false-unreach-label.c">test/programs/simple/switch_test_default_fallthrough_false-unreach-label.c</a></td>
<td>unreach-label</td>
<td class="correct main_status link" title="Click here to show output of tool"><a href="../results/test.2015-03-03_1613.logfiles/predicateAnalysis.switch_test_default_fallthrough_false-unreach-label.c.log">false(reach)</a></td>
<td class="correct measure">2190</td>
<td class="correct measure">.0006083</td>
<td class="correct measure">.00000022</td>
<td class="correct measure">129.12</td>
<td class="correct measure">.12912</td>
</tr>
<tr><td title="Click here to show source code"><a href="../results/test/programs/simple/compoundLiteral_true-unreach-label.c">test/programs/simple/compoundLiteral_true-unreach-label.c</a></td>
<td>unreach-label</td>
<td class="correct main_status link" title="Click here to show output of tool"><a href="../results/test.2015-03-03_1613.logfiles/predicateAnalysis.compoundLiteral_true-unreach-label.c.log">true</a></td>
<td class="correct measure">2230</td>
<td class="correct measure">.0006193</td>
<td class="correct measure">.00000022</td>
<td class="correct measure">132.34</td>
<td class="correct measure">.13234</td>
</tr>
<tr><td title="Click here to show source code"><a href="../results/doc/examples/example.c">doc/examples/example.c</a></td>
<td></td>
<td class="missing main_status link" title="Click here to show output of tool"><a href="../results/test.2015-03-03_1613.logfiles/predicateAnalysis.example.c.log">true</a></td>
<td class="missing measure">2270</td>
<td class="missing measure">.0006312</td>
<td class="missing measure">.00000023</td>
<td class="missing measure">129.47</td>
<td class="missing measure">.12947</td>
</tr>
<tr><td title="Click here to show source code"><a href="../results/test/programs/simple/builtin_expect_true-unreach-label.c">test/programs/simple/builtin_expect_true-unreach-label.c</a></td>
<td>unreach-label</td>
<td class="correct main_status link" title="Click here to show output of tool"><a href="../results/test.2015-03-03_1613.logfiles/predicateAnalysis.builtin_expect_true-unreach-label.c.log">true</a></td>
<td class="correct measure">2060</td>
<td class="correct measure">.0005718</td>
<td class="correct measure">.00000021</td>
<td class="correct measure">126.31</td>
<td class="correct measure">.12631</td>
</tr>
</tbody>

<tfoot>
<tr class="columnTitles">
<td colspan="2">benchexec/tablegenerator/test_integration/results/</td>
<td colspan="1">status</td>
<td colspan="1">cputime (ms)</td>
<td colspan="1">cputime-h (h)</td>
<td colspan="1">walltime (ns)</td>
<td colspan="1">memUsage (MB)</td>
<td colspan="1">memUsage-GB (GB)</td>
</tr>
<tr class="statistics">
<td colspan="2" title="in total 0 true tasks, 0 false tasks">total</td>
<td class="main_status">5</td>
<td class="measure" title="Min: 2060, Max: 2270, Average: 2180, Median: 2190, StDev: 71.9">10900</td>
<td class="measure" title="Min: 0.0005718, Max: 0.0006312, Average: 0.0006066, Median: 0.0006083, StDev: 0.00001996">.003033&#x2007;</td>
<td class="measure" title="Min: 0.00000020, Max: 0.00000020, Average: 0.00000020, Median: 0.00000020, StDev: 0.00">.0000011&#x2007;</td>
<td class="measure" title="Min: 126.31, Max: 132.34, Average: 129.05, Median: 129.12, StDev: 1.9758">645.27</td>
<td class="measure" title="Min: 0.12631, Max: 0.13234, Average: 0.12905, Median: 0.12912, StDev: 0.0019758">.64527</td>
</tr>
<tr class="statistics">
<td colspan="2" title="(This line contains some statistics from local execution. Only trust those values, if you use your own computer.)">local summary</td>
<td class="main_status novalue"></td>
<td class="measure">10900</td>
<td class="measure">.003037&#x2007;</td>
<td class="measure">.0000012&#x2007;</td>
<td class="measure novalue"></td>
<td class="measure novalue"></td>
</tr>
<tr class="statistics">
<td colspan="2" title="(property holds + result is true) OR (property does not hold + result is false)">&nbsp;&nbsp;&nbsp;&nbsp;correct results</td>
<td class="main_status">3</td>
<td class="measure" title="Min: 2060, Max: 2230, Average: 2160, Median: 2190, StDev: 73.0">6480</td>
<td class="measure" title="Min: 0.0005718, Max: 0.0006193, Average: 0.0005998, Median: 0.0006083, StDev: 0.00002029">.001799&#x2007;</td>
<td class="measure" title="Min: 0.00000020, Max: 0.00000020, Average: 0.00000020, Median: 0.00000020, StDev: 0.00">.00000065</td>
<td class="measure" title="Min: 126.31, Max: 132.34, Average: 129.26, Median: 129.12, StDev: 2.4617">387.77</td>
<td class="measure" title="Min: 0.12631, Max: 0.13234, Average: 0.12926, Median: 0.12912, StDev: 0.0024617">.38777</td>
</tr>
<tr class="statistics">
<td colspan="2" title="property holds + result is true">&nbsp;&nbsp;&nbsp;&nbsp;&nbsp;&nbsp;&nbsp;&nbsp;correct true</td>
<td class="main_status">2</td>
<td class="measure" title="Min: 2060, Max: 2230, Average: 2140, Median: 2140, StDev: 85.4">4290</td>
<td class="measure" title="Min: 0.0005718, Max: 0.0006193, Average: 0.0005956, Median: 0.0005956, StDev: 0.00002374">.001191&#x2007;</td>
<td class="measure" title="Min: 0.00000020, Max: 0.00000020, Average: 0.00000020, Median: 0.00000020, StDev: 0.00">.00000043</td>
<td class="measure" title="Min: 126.31, Max: 132.34, Average: 129.33, Median: 129.33, StDev: 3.0126">258.65</td>
<td class="measure" title="Min: 0.12631, Max: 0.13234, Average: 0.12933, Median: 0.12933, StDev: 0.0030126">.25865</td>
</tr>
<tr class="statistics">
<td colspan="2" title="property does not hold + result is false">&nbsp;&nbsp;&nbsp;&nbsp;&nbsp;&nbsp;&nbsp;&nbsp;correct false</td>
<td class="main_status">1</td>
<td class="measure" title="Min: 2190, Max: 2190, Average: 2190, Median: 2190, StDev: 0">2190</td>
<td class="measure" title="Min: 0.0006083, Max: 0.0006083, Average: 0.0006083, Median: 0.0006083, StDev: 0">.0006083</td>
<td class="measure" title="Min: 0.00000020, Max: 0.00000020, Average: 0.00000020, Median: 0.00000020, StDev: 0">.00000022</td>
<td class="measure" title="Min: 129.12, Max: 129.12, Average: 129.12, Median: 129.12, StDev: 0">129.12</td>
<td class="measure" title="Min: 0.12912, Max: 0.12912, Average: 0.12912, Median: 0.12912, StDev: 0">.12912</td>
</tr>
<tr class="statistics">
<td colspan="2" title="(property holds + result is false) OR (property does not hold + result is true)">&nbsp;&nbsp;&nbsp;&nbsp;incorrect results</td>
<td class="main_status">1</td>
<td class="measure" title="Min: 2170, Max: 2170, Average: 2170, Median: 2170, StDev: 0">2170</td>
<td class="measure" title="Min: 0.0006026, Max: 0.0006026, Average: 0.0006026, Median: 0.0006026, StDev: 0">.0006026</td>
<td class="measure" title="Min: 0.00000020, Max: 0.00000020, Average: 0.00000020, Median: 0.00000020, StDev: 0">.00000022</td>
<td class="measure" title="Min: 128.03, Max: 128.03, Average: 128.03, Median: 128.03, StDev: 0">128.03</td>
<td class="measure" title="Min: 0.12803, Max: 0.12803, Average: 0.12803, Median: 0.12803, StDev: 0">.12803</td>
</tr>
<tr class="statistics">
<td colspan="2" title="property does not hold + result is true">&nbsp;&nbsp;&nbsp;&nbsp;&nbsp;&nbsp;&nbsp;&nbsp;incorrect true</td>
<td class="main_status">1</td>
<td class="measure" title="Min: 2170, Max: 2170, Average: 2170, Median: 2170, StDev: 0">2170</td>
<td class="measure" title="Min: 0.0006026, Max: 0.0006026, Average: 0.0006026, Median: 0.0006026, StDev: 0">.0006026</td>
<td class="measure" title="Min: 0.00000020, Max: 0.00000020, Average: 0.00000020, Median: 0.00000020, StDev: 0">.00000022</td>
<td class="measure" title="Min: 128.03, Max: 128.03, Average: 128.03, Median: 128.03, StDev: 0">128.03</td>
<td class="measure" title="Min: 0.12803, Max: 0.12803, Average: 0.12803, Median: 0.12803, StDev: 0">.12803</td>
</tr>
<tr class="statistics">
<td colspan="2" title="property holds + result is false">&nbsp;&nbsp;&nbsp;&nbsp;&nbsp;&nbsp;&nbsp;&nbsp;incorrect false</td>
<td class="main_status">0</td>
<td class="measure novalue"></td>
<td class="measure novalue"></td>
<td class="measure novalue"></td>
<td class="measure novalue"></td>
<td class="measure novalue"></td>
</tr>
<tr class="statistics">
<td colspan="2" title="in total 0 true tasks, 0 false tasks">score (5 tasks, max score: 4)</td>
<td class="score main_status">-27</td>
<td class="score measure novalue"></td>
<td class="score measure novalue"></td>
<td class="score measure novalue"></td>
<td class="score measure novalue"></td>
<td class="score measure novalue"></td>
</tr>
<tr class="run">
<td colspan="2">Run set</td>
<td colspan="6">predicateAnalysis</td>
</tr>
</tfoot>
</table>